../Core/Src/main.c:91:6:get_rtc_time	32	static
../Core/Src/main.c:107:6:get_rtc_date	16	static
../Core/Src/main.c:121:6:HAL_RTC_AlarmAEventCallback	16	static
../Core/Src/main.c:128:6:oled_display	16	static
../Core/Src/main.c:147:6:rtc_alarm_config	48	static
../Core/Src/main.c:174:6:rtc_time_config	48	static
../Core/Src/main.c:196:6:rtc_date_config	48	static
../Core/Src/main.c:217:6:HAL_UART_RxCpltCallback	16	static
../Core/Src/main.c:288:6:EXTI9_5_IRQHandler	16	static
../Core/Src/main.c:310:5:main	16	static
../Core/Src/main.c:385:6:SystemClock_Config	88	static
../Core/Src/main.c:431:13:MX_I2C1_Init	8	static
../Core/Src/main.c:465:13:MX_RTC_Init	32	static
../Core/Src/main.c:529:13:MX_TIM2_Init	48	static
../Core/Src/main.c:578:13:MX_USART2_UART_Init	8	static
../Core/Src/main.c:611:13:MX_GPIO_Init	48	static
../Core/Src/main.c:655:6:Error_Handler	4	static,ignoring_inline_asm
